// Jest Snapshot v1, https://goo.gl/fbAQLP

exports[`Testing "Footer" component Rendering the footer 1`] = `
<footer
  className="footer"
/>
`;
